
=== Fri Jan  6 10:20:53 2023

Packages were changed.
Update Mode: mergeDefaultDependencies

The following packages were added:
  com.unity.xr.legacyinputhelpers@2.1.10
The following packages were updated:
  com.unity.ide.visualstudio from version 2.0.15 to 2.0.16
  com.unity.test-framework from version 1.1.31 to 1.1.33

=== Fri Jan  6 10:25:08 2023

Packages were changed.
Update Mode: mergeDefaultDependencies

The following packages were added:
  com.unity.xr.legacyinputhelpers@2.1.10
The following packages were updated:
  com.unity.ide.visualstudio from version 2.0.15 to 2.0.16
  com.unity.test-framework from version 1.1.31 to 1.1.33

=== Mon Jan  9 11:15:16 2023

Packages were changed.
Update Mode: mergeDefaultDependencies

The following packages were added:
  com.unity.xr.legacyinputhelpers@2.1.10
The following packages were updated:
  com.unity.ide.visualstudio from version 2.0.15 to 2.0.16
  com.unity.test-framework from version 1.1.31 to 1.1.33

=== Thu Mar  2 15:36:04 2023

Packages were changed.
Update Mode: mergeDefaultDependencies

The following packages were added:
  com.unity.2d.tilemap@1.0.0
  com.unity.xr.legacyinputhelpers@2.1.9
